========= ======== =========== =========== =======================
asset_ref taxonomy lon         lat         structural             
========= ======== =========== =========== =======================
a0        "RM"     8.12985E+01 2.91098E+01 3.08076E+02 9.87249E+01
a1        "RC+"    8.30823E+01 2.79006E+01 1.08440E+02 2.50000E+01
a2        "W/1"    8.57477E+01 2.79015E+01 1.44215E+02 8.70257E+01
a3        "RM"     8.57477E+01 2.79015E+01 2.39097E+02 0.00000E+00
========= ======== =========== =========== =======================