<?xml version="1.0" encoding="utf-8"?>
<nrml
xmlns="http://openquake.org/xmlns/nrml/0.5"
xmlns:gml="http://www.opengis.net/gml"
>
    <aggregateLossCurve
    gsimTreePath="b1"
    investigationTime="10000.0"
    lossType="occupants"
    riskInvestigationTime="1.0"
    sourceModelTreePath="b1"
    unit="people"
    >
        <poEs>
            3.77683E-02 2.32260E-02 4.88800E-03 2.49690E-03 1.09941E-03 5.99802E-04 2.99931E-04 2.99931E-04 2.99931E-04 0.00000E+00
        </poEs>
        <losses>
            0.00000E+00 7.76788E-03 1.55358E-02 2.33037E-02 3.10715E-02 3.88394E-02 4.66073E-02 5.43752E-02 6.21431E-02 6.99110E-02
        </losses>
        <averageLoss>
            4.04661E-04
        </averageLoss>
    </aggregateLossCurve>
</nrml>
