asset_ref,taxonomy,lon,lat,business_interruption,contents,nonstructural,occupants,structural,business_interruption_ins,contents_ins,nonstructural_ins,occupants_ins,structural_ins
a3,"tax1",-122.57000,38.11300,5.42682E+02,2.74964E+03,4.12445E+03,1.08536E-02,0.00000E+00,1.75000E+01,1.75000E+01,1.75000E+01,0.00000E+00,0.00000E+00
a2,"tax2",-122.11400,38.11300,3.99281E+03,1.76894E+04,2.65342E+04,7.98562E-02,8.27810E+03,4.08333E+01,4.08333E+01,4.08333E+01,0.00000E+00,1.75000E+01
a5,"tax1",-122.00000,37.91000,6.64506E+02,3.60796E+03,5.41194E+03,1.32901E-02,0.00000E+00,1.75000E+01,1.75000E+01,1.75000E+01,0.00000E+00,0.00000E+00
a4,"tax3",-122.00000,38.00000,1.20325E+03,1.21203E+04,1.98552E+04,2.40650E-02,5.77594E+02,3.50000E+01,2.91667E+01,3.50000E+01,0.00000E+00,3.50000E+00
a1,"tax1",-122.00000,38.11300,3.29640E+03,2.45501E+04,2.96251E+04,6.59281E-02,1.47936E+04,4.08333E+01,4.08333E+01,4.08333E+01,0.00000E+00,2.91667E+01
a6,"tax2",-122.00000,38.22500,1.82229E+03,1.76512E+04,2.64768E+04,3.64458E-02,2.61417E+03,4.08333E+01,4.08333E+01,4.08333E+01,0.00000E+00,1.75000E+01
a7,"tax1",-121.88600,38.11300,1.83568E+03,1.12087E+04,1.68130E+04,3.67136E-02,4.53162E+03,3.50000E+01,3.50000E+01,3.50000E+01,0.00000E+00,1.75000E+01
