asset_ref,taxonomy,lon,lat,business_interruption,contents,nonstructural,occupants,structural,business_interruption_ins,contents_ins,nonstructural_ins,occupants_ins,structural_ins
a3,"tax1",-122.57000,38.11300,0.00000E+00,0.00000E+00,0.00000E+00,0.00000E+00,0.00000E+00,0.00000E+00,0.00000E+00,0.00000E+00,0.00000E+00,0.00000E+00
a2,"tax2",-122.11400,38.11300,2.69179E+03,1.14658E+04,1.71086E+04,5.38359E-02,3.48090E+03,1.75000E+01,1.75000E+01,1.75000E+01,0.00000E+00,1.75000E+01
a5,"tax1",-122.00000,37.91000,5.32044E+02,2.73517E+03,4.10276E+03,1.06409E-02,0.00000E+00,1.75000E+01,1.75000E+01,1.75000E+01,0.00000E+00,0.00000E+00
a4,"tax3",-122.00000,38.00000,8.31924E+02,6.20638E+03,1.25624E+04,1.66385E-02,0.00000E+00,1.75000E+01,1.75000E+01,1.75000E+01,0.00000E+00,0.00000E+00
a1,"tax1",-122.00000,38.11300,2.83475E+03,2.01257E+04,2.58210E+04,5.66951E-02,8.55350E+03,1.75000E+01,1.75000E+01,1.75000E+01,0.00000E+00,1.75000E+01
a6,"tax2",-122.00000,38.22500,9.72486E+02,9.98982E+03,1.49847E+04,1.94497E-02,0.00000E+00,1.75000E+01,1.75000E+01,1.75000E+01,0.00000E+00,0.00000E+00
a7,"tax1",-121.88600,38.11300,1.27055E+03,6.89322E+03,1.03398E+04,2.54111E-02,0.00000E+00,1.75000E+01,1.75000E+01,1.75000E+01,0.00000E+00,0.00000E+00
