asset_ref,taxonomy,lon,lat,business_interruption,contents,nonstructural,occupants,structural,business_interruption_ins,contents_ins,nonstructural_ins,occupants_ins,structural_ins
a3,"tax1",-122.57000,38.11300,3.86752E+02,1.95971E+03,2.93957E+03,7.73503E-03,0.00000E+00,1.24688E+01,1.24688E+01,1.24688E+01,0.00000E+00,0.00000E+00
a2,"tax2",-122.11400,38.11300,3.34729E+03,1.49975E+04,2.15593E+04,6.69458E-02,7.29200E+03,2.62500E+01,2.62500E+01,2.62500E+01,0.00000E+00,2.01250E+01
a5,"tax1",-122.00000,37.91000,7.17506E+02,3.83664E+03,5.75496E+03,1.43501E-02,0.00000E+00,2.01250E+01,2.01250E+01,2.01250E+01,0.00000E+00,0.00000E+00
a4,"tax3",-122.00000,38.00000,1.06944E+03,1.10087E+04,1.83070E+04,2.13888E-02,5.41494E+02,2.45000E+01,2.18750E+01,2.45000E+01,0.00000E+00,3.28125E+00
a1,"tax1",-122.00000,38.11300,3.27400E+03,2.41336E+04,2.96586E+04,6.54800E-02,1.35176E+04,2.62500E+01,2.62500E+01,2.62500E+01,0.00000E+00,2.18750E+01
a6,"tax2",-122.00000,38.22500,1.29908E+03,1.37632E+04,2.02900E+04,2.59816E-02,1.97643E+03,2.62500E+01,2.62500E+01,2.62500E+01,0.00000E+00,1.31250E+01
a7,"tax1",-121.88600,38.11300,1.51761E+03,8.92662E+03,1.33899E+04,3.03522E-02,3.49079E+03,2.45000E+01,2.45000E+01,2.45000E+01,0.00000E+00,1.31250E+01
