event_tag,year,aid,business_interruption,contents,nonstructural,occupants,structural,business_interruption_ins,contents_ins,nonstructural_ins,occupants_ins,structural_ins
grp=01~ses=0001~rup=483-01,1,1,2.13742E+01,1.39613E+02,2.09420E+02,4.27483E-04,0.00000E+00,7.00000E-01,7.00000E-01,7.00000E-01,0.00000E+00,0.00000E+00
grp=01~ses=0001~rup=483-01,1,3,0.00000E+00,1.12743E+02,0.00000E+00,0.00000E+00,0.00000E+00,0.00000E+00,7.00000E-01,0.00000E+00,0.00000E+00,0.00000E+00
grp=01~ses=0001~rup=483-01,1,4,3.44794E+01,1.98479E+02,2.97719E+02,6.89587E-04,0.00000E+00,7.00000E-01,7.00000E-01,7.00000E-01,0.00000E+00,0.00000E+00
grp=01~ses=0001~rup=483-01,1,5,2.08060E+01,1.07499E+02,1.61249E+02,4.16119E-04,0.00000E+00,7.00000E-01,7.00000E-01,7.00000E-01,0.00000E+00,0.00000E+00
