event_tag,year,aid,business_interruption,contents,nonstructural,occupants,structural,business_interruption_ins,contents_ins,nonstructural_ins,occupants_ins,structural_ins
grp=02~ses=0002~rup=522-01,2,0,2.17314E+01,1.10145E+02,1.65217E+02,4.34628E-04,0.00000E+00,7.00000E-01,7.00000E-01,7.00000E-01,0.00000E+00,0.00000E+00
grp=02~ses=0002~rup=522-01,2,1,1.09950E+02,4.58632E+02,6.84342E+02,2.19901E-03,2.39001E+02,7.00000E-01,7.00000E-01,7.00000E-01,0.00000E+00,7.00000E-01
grp=02~ses=0002~rup=522-01,2,2,2.59824E+01,1.40322E+02,2.10482E+02,5.19647E-04,0.00000E+00,7.00000E-01,7.00000E-01,7.00000E-01,0.00000E+00,0.00000E+00
grp=02~ses=0002~rup=522-01,2,3,3.32770E+01,4.13788E+02,6.59491E+02,6.65539E-04,0.00000E+00,7.00000E-01,7.00000E-01,7.00000E-01,0.00000E+00,0.00000E+00
grp=02~ses=0002~rup=522-01,2,4,1.25735E+02,9.92958E+02,1.13993E+03,2.51470E-03,5.94681E+02,7.00000E-01,7.00000E-01,7.00000E-01,0.00000E+00,7.00000E-01
grp=02~ses=0002~rup=522-01,2,5,3.88994E+01,3.99593E+02,5.99389E+02,7.77989E-04,1.01197E+02,7.00000E-01,7.00000E-01,7.00000E-01,0.00000E+00,7.00000E-01
grp=02~ses=0002~rup=522-01,2,6,5.25806E+01,3.15849E+02,4.73773E+02,1.05161E-03,1.61621E+02,7.00000E-01,7.00000E-01,7.00000E-01,0.00000E+00,7.00000E-01
