event_tag,year,aid,business_interruption,contents,nonstructural,occupants,structural,business_interruption_ins,contents_ins,nonstructural_ins,occupants_ins,structural_ins
grp=02~ses=0002~rup=522-01,2,1,2.09024E+02,6.50676E+02,8.54130E+02,4.18047E-03,5.48039E+02,7.00000E-01,7.00000E-01,7.00000E-01,0.00000E+00,7.00000E-01
grp=02~ses=0002~rup=522-01,2,2,2.65803E+01,1.44318E+02,2.16478E+02,5.31605E-04,0.00000E+00,7.00000E-01,7.00000E-01,7.00000E-01,0.00000E+00,0.00000E+00
grp=02~ses=0002~rup=522-01,2,3,4.00068E+01,7.68899E+02,1.09122E+03,8.00136E-04,1.15519E+02,7.00000E-01,7.00000E-01,7.00000E-01,0.00000E+00,7.00000E-01
grp=02~ses=0002~rup=522-01,2,4,1.13390E+02,8.69722E+02,1.03284E+03,2.26780E-03,5.14700E+02,7.00000E-01,7.00000E-01,7.00000E-01,0.00000E+00,7.00000E-01
grp=02~ses=0002~rup=522-01,2,5,4.94573E+01,5.36405E+02,7.28906E+02,9.89146E-04,1.18048E+02,7.00000E-01,7.00000E-01,7.00000E-01,0.00000E+00,7.00000E-01
grp=02~ses=0002~rup=522-01,2,6,7.34273E+01,4.54355E+02,6.81533E+02,1.46855E-03,2.59841E+02,7.00000E-01,7.00000E-01,7.00000E-01,0.00000E+00,7.00000E-01
