event_tag,year,aid,business_interruption,contents,nonstructural,occupants,structural,business_interruption_ins,contents_ins,nonstructural_ins,occupants_ins,structural_ins
grp=01~ses=0001~rup=486-01,1,1,2.79131E+01,1.19174E+02,1.78761E+02,5.58263E-04,0.00000E+00,7.00000E-01,7.00000E-01,7.00000E-01,0.00000E+00,0.00000E+00
grp=01~ses=0001~rup=486-01,1,3,2.34946E+01,1.14535E+02,1.85092E+02,4.69892E-04,0.00000E+00,7.00000E-01,7.00000E-01,7.00000E-01,0.00000E+00,0.00000E+00
grp=01~ses=0001~rup=486-01,1,4,4.08545E+01,2.41366E+02,3.62049E+02,8.17090E-04,1.20621E+02,7.00000E-01,7.00000E-01,7.00000E-01,0.00000E+00,7.00000E-01
grp=01~ses=0001~rup=486-01,1,5,2.83357E+01,1.48483E+02,2.22724E+02,5.66714E-04,0.00000E+00,7.00000E-01,7.00000E-01,7.00000E-01,0.00000E+00,0.00000E+00
grp=01~ses=0001~rup=486-01,1,6,3.29165E+01,1.85232E+02,2.77849E+02,6.58329E-04,0.00000E+00,7.00000E-01,7.00000E-01,7.00000E-01,0.00000E+00,0.00000E+00
