asset_ref,taxonomy,lon,lat,business_interruption~poe-0.02,business_interruption~poe-0.1,business_interruption_ins~poe-0.02,business_interruption_ins~poe-0.1,contents~poe-0.02,contents~poe-0.1,contents_ins~poe-0.02,contents_ins~poe-0.1,nonstructural~poe-0.02,nonstructural~poe-0.1,nonstructural_ins~poe-0.02,nonstructural_ins~poe-0.1,occupants~poe-0.02,occupants~poe-0.1,occupants_ins~poe-0.02:float32,occupants_ins~poe-0.1:float32,structural~poe-0.02,structural~poe-0.1,structural_ins~poe-0.02,structural_ins~poe-0.1
a3,"tax1",-122.57000,38.11300,3.17600E+01,3.08000E+01,7.94000E-01,7.70000E-01,1.24100E+02,1.20500E+02,7.94000E-01,7.70000E-01,2.38200E+02,2.31000E+02,0.00000E+00,0.00000E+00,6.35200E-04,6.16000E-04,0.00000E+00,0.00000E+00,0.00000E+00,0.00000E+00,0.00000E+00,0.00000E+00
a2,"tax2",-122.11400,38.11300,4.96400E+01,4.82000E+01,7.94000E-01,7.70000E-01,1.98500E+02,1.92500E+02,7.94000E-01,7.70000E-01,3.72300E+02,3.61500E+02,0.00000E+00,0.00000E+00,9.92800E-04,9.64000E-04,0.00000E+00,0.00000E+00,0.00000E+00,0.00000E+00,0.00000E+00,0.00000E+00
a5,"tax1",-122.00000,37.91000,3.17600E+01,3.08000E+01,7.94000E-01,7.70000E-01,1.24100E+02,1.20500E+02,7.94000E-01,7.70000E-01,2.38200E+02,2.31000E+02,0.00000E+00,0.00000E+00,6.35200E-04,6.16000E-04,0.00000E+00,0.00000E+00,0.00000E+00,0.00000E+00,0.00000E+00,0.00000E+00
a4,"tax3",-122.00000,38.00000,3.17600E+01,3.08000E+01,7.94000E-01,7.70000E-01,1.24100E+02,1.20500E+02,7.94000E-01,7.70000E-01,3.72300E+02,3.61500E+02,0.00000E+00,0.00000E+00,6.35200E-04,6.16000E-04,0.00000E+00,0.00000E+00,0.00000E+00,0.00000E+00,0.00000E+00,0.00000E+00
a1,"tax1",-122.00000,38.11300,4.96400E+01,4.82000E+01,7.94000E-01,7.70000E-01,3.22500E+02,3.12500E+02,7.94000E-01,7.70000E-01,3.72300E+02,3.61500E+02,0.00000E+00,0.00000E+00,9.92800E-04,9.64000E-04,0.00000E+00,0.00000E+00,1.58800E+02,1.54000E+02,0.00000E+00,0.00000E+00
a6,"tax2",-122.00000,38.22500,4.96400E+01,4.82000E+01,7.94000E-01,7.70000E-01,3.22500E+02,3.12500E+02,7.94000E-01,7.70000E-01,3.72300E+02,3.61500E+02,0.00000E+00,0.00000E+00,9.92800E-04,9.64000E-04,0.00000E+00,0.00000E+00,9.93000E+01,9.65000E+01,0.00000E+00,0.00000E+00
a7,"tax1",-121.88600,38.11300,4.96400E+01,4.82000E+01,7.94000E-01,7.70000E-01,3.22500E+02,3.12500E+02,7.94000E-01,7.70000E-01,3.72300E+02,3.61500E+02,0.00000E+00,0.00000E+00,9.92800E-04,9.64000E-04,0.00000E+00,0.00000E+00,0.00000E+00,0.00000E+00,0.00000E+00,0.00000E+00
