======================== =====
Total number of ruptures 2    
Total number of events   3    
Rupture multiplicity     1.500
======================== =====