=== ===========
rlz structural 
=== ===========
0   1.28118E+05
=== ===========