# source_model_tree_path=('b1',),gsim_tree_path=('b1',),investigation_time=1.0
lon,lat,depth,PGA-0.1,PGA-0.4,PGA-0.6,SA(0.1)-0.1,SA(0.1)-0.4,SA(0.1)-0.6
0.00000,0.00000,-0.10000,4.528811E-01,5.589804E-02,5.585141E-03,6.074420E-01,3.254916E-01,1.964219E-01
