=== ===========
rlz structural 
=== ===========
0   8.24593E+08
1   1.00117E+08
=== ===========