event_tag,site_indices,PGA
grp=00~ses=0328~rup=1121-01,0,4.007438E-01
