<?xml version="1.0" encoding="utf-8"?>
<nrml
xmlns="http://openquake.org/xmlns/nrml/0.5"
xmlns:gml="http://www.opengis.net/gml"
>
    <aggregateLossCurve
    investigationTime="2.0"
    lossType="structural"
    riskInvestigationTime="2.0"
    statistics="mean"
    unit="EUR"
    >
        <poEs>
            8.60954E-01 2.75671E-01 2.75671E-01 2.22572E-01 2.22572E-01 2.22572E-01 2.22572E-01 2.22572E-01 2.22572E-01 1.76994E-01 1.76994E-01 1.76994E-01 1.76994E-01 1.76994E-01 1.43353E-01 1.23896E-01 1.23896E-01 1.23896E-01 1.23896E-01 0.00000E+00
        </poEs>
        <losses>
            0.00000E+00 2.20004E+06 4.40007E+06 6.60011E+06 8.80015E+06 1.10002E+07 1.32002E+07 1.54003E+07 1.76003E+07 1.98003E+07 2.20004E+07 2.42004E+07 2.64004E+07 2.86005E+07 3.08005E+07 3.30006E+07 3.52006E+07 3.74006E+07 3.96007E+07 4.18007E+07
        </losses>
        <averageLoss>
            8.18007E+06
        </averageLoss>
    </aggregateLossCurve>
</nrml>
