<?xml version="1.0" encoding="utf-8"?>
<nrml
xmlns="http://openquake.org/xmlns/nrml/0.5"
xmlns:gml="http://www.opengis.net/gml"
>
    <aggregateLossCurve
    investigationTime="50.0"
    lossType="structural"
    riskInvestigationTime="50.0"
    statistics="mean"
    unit="EUR"
    >
        <poEs>
            6.32121E-01 5.41515E-01 4.29118E-01 3.50160E-01 2.58506E-01 2.01234E-01 1.50452E-01 1.17227E-01 1.17227E-01 1.12761E-01 9.51626E-02 7.19666E-02 2.59318E-02 2.43853E-02 2.43853E-02 2.43853E-02 2.43853E-02 2.43853E-02 2.43853E-02 0.00000E+00
        </poEs>
        <losses>
            0.00000E+00 2.14938E+02 4.29876E+02 6.44814E+02 8.59753E+02 1.07469E+03 1.28963E+03 1.50457E+03 1.71951E+03 1.93444E+03 2.14938E+03 2.36432E+03 2.57926E+03 2.79420E+03 3.00913E+03 3.22407E+03 3.43901E+03 3.65395E+03 3.86889E+03 4.08382E+03
        </losses>
        <averageLoss>
            6.28291E+02
        </averageLoss>
    </aggregateLossCurve>
</nrml>
