<?xml version="1.0" encoding="utf-8"?>
<nrml
xmlns="http://openquake.org/xmlns/nrml/0.5"
xmlns:gml="http://www.opengis.net/gml"
>
    <aggregateLossCurve
    investigationTime="50.0"
    lossType="nonstructural"
    quantileValue="0.25"
    riskInvestigationTime="50.0"
    statistics="quantile"
    unit="EUR"
    >
        <poEs>
            5.50671E-01 4.96554E-01 3.55848E-01 2.95312E-01 2.95312E-01 2.95312E-01 2.95312E-01 2.95312E-01 2.81252E-01 2.25073E-01 1.60850E-01 1.39292E-01 1.39292E-01 1.11386E-01 9.51626E-02 9.51626E-02 9.51626E-02 5.67995E-02 6.06825E-03 0.00000E+00
        </poEs>
        <losses>
            0.00000E+00 4.19695E+01 8.39390E+01 1.25908E+02 1.67878E+02 2.09847E+02 2.51817E+02 2.93786E+02 3.35756E+02 3.77725E+02 4.19695E+02 4.61664E+02 5.03634E+02 5.45603E+02 5.87573E+02 6.29542E+02 6.71512E+02 7.13481E+02 7.55451E+02 7.97420E+02
        </losses>
        <averageLoss>
            1.68125E+02
        </averageLoss>
    </aggregateLossCurve>
</nrml>
